Microchip MPLAB XC8 Compiler V2.45

Linker command line:

-W-3 \
  --edf=C:\Program Files\Microchip\xc8\v2.45\pic\dat\20230818022343_en.msgs \
  -cn -h+dist/default/debug\smart_fan_project.X.debug.sym \
  --cmf=dist/default/debug\smart_fan_project.X.debug.cmf -z -Q18F4620 \
  -oC:\Users\Blu-Ray\AppData\Local\Temp\xcAs3kk.\driver_tmp_3.o \
  --defsym=__MPLAB_BUILD=1 --fixupoverflow=error \
  -Mdist/default/debug/smart_fan_project.X.debug.map \
  --md=C:\Users\Blu-Ray\AppData\Local\Temp\xcAs3kk.\driver_tmp_0.dat -E1 \
  -ver=XC8 Compiler --acfsm=1493 -ACODE=00h-0FFFFh -ACONST=00h-0FFFFh \
  -ASMALLCONST=01000h-010FFhx240 -AMEDIUMCONST=01000h-0FFFFh \
  -ACOMRAM=01h-07Fh -AABS1=00h-0F7Fh -ABIGRAM=01h-0F7Fh \
  -ARAM=080h-0FFh,0100h-01FFhx14,0F00h-0F7Fh -ABANK0=080h-0FFh \
  -ABANK1=0100h-01FFh -ABANK2=0200h-02FFh -ABANK3=0300h-03FFh \
  -ABANK4=0400h-04FFh -ABANK5=0500h-05FFh -ABANK6=0600h-06FFh \
  -ABANK7=0700h-07FFh -ABANK8=0800h-08FFh -ABANK9=0900h-09FFh \
  -ABANK10=0A00h-0AFFh -ABANK11=0B00h-0BFFh -ABANK12=0C00h-0CFFh \
  -ABANK13=0D00h-0DFFh -ABANK14=0E00h-0EFFh -ABANK15=0F00h-0F7Fh \
  -ASFR=0F80h-0FFFh -ABIGSFR=0F80h-0FFFh -ACONFIG=0300000h-030000Dh \
  -AIDLOC=0200000h-0200007h -AEEDATA=0F00000h-0F003FFh -peeprom_data=EEDATA \
  -preset_vec=00h,intcode=08h,intcodelo,powerup,init -pramtop=01000h \
  -psmallconst=SMALLCONST -pmediumconst=MEDIUMCONST -pconst=CONST \
  -AFARRAM=00h-00h \
  -prdata=COMRAM,nvrram=COMRAM,nvbit=COMRAM,rbss=COMRAM,rbit=COMRAM \
  -pfarbss=FARRAM,fardata=FARRAM,nvFARRAM=FARRAM \
  -pintsave_regs=BIGRAM,bigbss=BIGRAM,bigdata=BIGRAM -pbss=RAM \
  -pidata=CODE,irdata=CODE,ibigdata=CODE,ifardata=CODE -prparam=COMRAM \
  C:\Users\Blu-Ray\AppData\Local\Temp\xcAs3kk.\driver_tmp_14.o \
  dist/default/debug\smart_fan_project.X.debug.o 

Object code version is 3.11

Machine type is 18F4620



                Name                               Link     Load   Length Selector   Space Scale
C:\Users\Blu-Ray\AppData\Local\Temp\xcAs3kk.\driver_tmp_14.o
                config                           300000   300000        E        0       4
                init                                  E        E        4        4       0
                reset_vec                             0        0        4        0       0
dist/default/debug\smart_fan_project.X.debug.o
                intcode                               8        8        6        4       0
                config                           300000   300000        E        0       4
                temp                                 7E       7E        1        1       1
                mediumconst                        FEF6     FEF6      10A     7F7B       0
                text79                             6492     6492        4     31CA       0
                text78                             648E     648E        4     31CA       0
                text77                             648A     648A        4     31CA       0
                text76                             6486     6486        4     31CA       0
                text75                             6482     6482        4     31CA       0
                text74                             647E     647E        4     31CA       0
                text73                             641C     641C       1A     31CA       0
                text72                             6402     6402       1A     31CA       0
                text71                             63E8     63E8       1A     31CA       0
                text70                             63CE     63CE       1A     31CA       0
                text69                             6462     6462        E     31CA       0
                text68                             6454     6454        E     31CA       0
                text67                             6470     6470        8     31CA       0
                text66                             6446     6446        E     31CA       0
                intcode_body                       3912     3912      376        4       0
                text64                             54C0     54C0       B4        4       0
                text63                             526E     526E       D8        4       0
                text62                             6310     6310       30        4       0
                text61                             63B4     63B4       1A     31CA       0
                text60                             5D58     5D58       6C        4       0
                text59                             6058     6058       44        4       0
                text58                             5F84     5F84       4A        4       0
                text57                             540A     540A       B6        4       0
                text56                             5C7C     5C7C       70        4       0
                text55                             4B18     4B18      132        4       0
                text54                             4740     4740      15A        4       0
                text53                             61C8     61C8       3A        4       0
                text52                             28B0     28B0      4C0        4       0
                text51                             3578     3578      39A        4       0
                text50                             2D70     2D70      42A        4       0
                text49                             4E76     4E76      108        4       0
                text48                             4284     4284      1B4        4       0
                text47                             40A6     40A6      1DE        4       0
                text46                             49E4     49E4      134        4       0
                text45                             4C4A     4C4A      11C        4       0
                text44                             5CEC     5CEC       6C        4       0
                text43                             5082     5082       FA        4       0
                text42                             59FA     59FA       94        4       0
                text41                             6394     6394       20     31CA       0
                text40                             62DE     62DE       32        4       0
                text39                             5C0C     5C0C       70        4       0
                text38                             618E     618E       3A        4       0
                text37                             5B9C     5B9C       70        4       0
                text36                             5E82     5E82       5E        4       0
                text35                             517C     517C       F2        4       0
                text34                             5F38     5F38       4C        4       0
                text33                             6478     6478        6     31CA       0
                text32                             4438     4438      194        4       0
                text31                             5DC4     5DC4       60        4       0
                text30                             5EE0     5EE0       58        4       0
                text29                             4F7E     4F7E      104        4       0
                text28                             6272     6272       38        4       0
                text27                             5FCE     5FCE       46        4       0
                text26                             3C88     3C88      234        4       0
                text25                             319A     319A      3DE        4       0
                text24                               12       12     239A        4       0
                text23                             489A     489A      14A        4       0
                text22                             623A     623A       38        4       0
                text21                             5346     5346       C4        4       0
                text20                             5574     5574       B0        4       0
                text19                             62AA     62AA       34        4       0
                text18                             6496     6496        2     31CA       0
                text17                             5822     5822       AA        4       0
                text16                             3EBC     3EBC      1EA        4       0
                text15                             6014     6014       44        4       0
                text14                             6202     6202       38        4       0
                text13                             5778     5778       AA        4       0
                text12                             5E24     5E24       5E        4       0
                text11                             58CC     58CC       98        4       0
                text10                             5964     5964       96        4       0
                text9                              5B1E     5B1E       7E        4       0
                text8                              56CE     56CE       AA        4       0
                text7                              5624     5624       AA        4       0
                text6                              6154     6154       3A        4       0
                text5                              611A     611A       3A        4       0
                text4                              609C     609C       42        4       0
                text3                              4D66     4D66      110        4       0
                text2                              60DE     60DE       3C        4       0
                text1                              45CC     45CC      174        4       0
                text0                              23AC     23AC      504        4       0
                cstackCOMRAM                          1        1       7C        1       1
                cstackBANK0                          E8       E8       18       80       1
                cstackBANK1                         100      100       B8      100       1
                dataBANK2                           220      220       10      200       1
                bssBANK2                            200      200       20      200       1
                dataBANK1                           1B8      1B8       2F      100       1
                bssBANK1                            1E7      1E7       14      100       1
                dataBANK0                            C4       C4       24       80       1
                bssBANK0                             80       80       44       80       1
                bssCOMRAM                            7D       7D        1        1       1
                cinit                              5A8E     5A8E       90        4       0
                idataBANK2                         6436     6436       10     31CA       0
                idataBANK1                         6340     6340       2F        4       0
                idataBANK0                         636F     636F       24        4       0

TOTAL           Name                               Link     Load   Length     Space
        CLASS   CODE           
                intcode                               8        8        6         0
                init                                  E        E        4         0
                reset_vec                             0        0        4         0
                text79                             6492     6492        4         0
                text78                             648E     648E        4         0
                text77                             648A     648A        4         0
                text76                             6486     6486        4         0
                text75                             6482     6482        4         0
                text74                             647E     647E        4         0
                text73                             641C     641C       1A         0
                text72                             6402     6402       1A         0
                text71                             63E8     63E8       1A         0
                text70                             63CE     63CE       1A         0
                text69                             6462     6462        E         0
                text68                             6454     6454        E         0
                text67                             6470     6470        8         0
                text66                             6446     6446        E         0
                intcode_body                       3912     3912      376         0
                text64                             54C0     54C0       B4         0
                text63                             526E     526E       D8         0
                text62                             6310     6310       30         0
                text61                             63B4     63B4       1A         0
                text60                             5D58     5D58       6C         0
                text59                             6058     6058       44         0
                text58                             5F84     5F84       4A         0
                text57                             540A     540A       B6         0
                text56                             5C7C     5C7C       70         0
                text55                             4B18     4B18      132         0
                text54                             4740     4740      15A         0
                text53                             61C8     61C8       3A         0
                text52                             28B0     28B0      4C0         0
                text51                             3578     3578      39A         0
                text50                             2D70     2D70      42A         0
                text49                             4E76     4E76      108         0
                text48                             4284     4284      1B4         0
                text47                             40A6     40A6      1DE         0
                text46                             49E4     49E4      134         0
                text45                             4C4A     4C4A      11C         0
                text44                             5CEC     5CEC       6C         0
                text43                             5082     5082       FA         0
                text42                             59FA     59FA       94         0
                text41                             6394     6394       20         0
                text40                             62DE     62DE       32         0
                text39                             5C0C     5C0C       70         0
                text38                             618E     618E       3A         0
                text37                             5B9C     5B9C       70         0
                text36                             5E82     5E82       5E         0
                text35                             517C     517C       F2         0
                text34                             5F38     5F38       4C         0
                text33                             6478     6478        6         0
                text32                             4438     4438      194         0
                text31                             5DC4     5DC4       60         0
                text30                             5EE0     5EE0       58         0
                text29                             4F7E     4F7E      104         0
                text28                             6272     6272       38         0
                text27                             5FCE     5FCE       46         0
                text26                             3C88     3C88      234         0
                text25                             319A     319A      3DE         0
                text24                               12       12     239A         0
                text23                             489A     489A      14A         0
                text22                             623A     623A       38         0
                text21                             5346     5346       C4         0
                text20                             5574     5574       B0         0
                text19                             62AA     62AA       34         0
                text18                             6496     6496        2         0
                text17                             5822     5822       AA         0
                text16                             3EBC     3EBC      1EA         0
                text15                             6014     6014       44         0
                text14                             6202     6202       38         0
                text13                             5778     5778       AA         0
                text12                             5E24     5E24       5E         0
                text11                             58CC     58CC       98         0
                text10                             5964     5964       96         0
                text9                              5B1E     5B1E       7E         0
                text8                              56CE     56CE       AA         0
                text7                              5624     5624       AA         0
                text6                              6154     6154       3A         0
                text5                              611A     611A       3A         0
                text4                              609C     609C       42         0
                text3                              4D66     4D66      110         0
                text2                              60DE     60DE       3C         0
                text1                              45CC     45CC      174         0
                text0                              23AC     23AC      504         0
                cinit                              5A8E     5A8E       90         0
                idataBANK2                         6436     6436       10         0
                idataBANK1                         6340     6340       2F         0
                idataBANK0                         636F     636F       24         0

        CLASS   CONST          

        CLASS   SMALLCONST     

        CLASS   MEDIUMCONST    
                mediumconst                        FEF6     FEF6      10A         0

        CLASS   COMRAM         
                temp                                 7E       7E        1         1
                cstackCOMRAM                          1        1       7C         1
                bssCOMRAM                            7D       7D        1         1

        CLASS   ABS1           

        CLASS   BIGRAM         

        CLASS   RAM            

        CLASS   BANK0          
                cstackBANK0                          E8       E8       18         1
                dataBANK0                            C4       C4       24         1
                bssBANK0                             80       80       44         1

        CLASS   BANK1          
                cstackBANK1                         100      100       B8         1
                dataBANK1                           1B8      1B8       2F         1
                bssBANK1                            1E7      1E7       14         1

        CLASS   BANK2          
                dataBANK2                           220      220       10         1
                bssBANK2                            200      200       20         1

        CLASS   BANK3          

        CLASS   BANK4          

        CLASS   BANK5          

        CLASS   BANK6          

        CLASS   BANK7          

        CLASS   BANK8          

        CLASS   BANK9          

        CLASS   BANK10         

        CLASS   BANK11         

        CLASS   BANK12         

        CLASS   BANK13         

        CLASS   BANK14         

        CLASS   BANK15         

        CLASS   SFR            

        CLASS   BIGSFR         

        CLASS   CONFIG         
                config                           300000   300000        E         4

        CLASS   IDLOC          

        CLASS   EEDATA         

        CLASS   FARRAM         

        CLASS   HEAP           

        CLASS   STACK          



SEGMENTS        Name                           Load    Length   Top    Selector   Space  Class

                reset_vec                      000000  000004  000004         0       0  CODE    
                cstackCOMRAM                   000001  00007E  00007F         1       1  COMRAM  
                intcode                        000008  00638B  006393         4       0  CODE    
                bssBANK0                       000080  000080  000100        80       1  BANK0   
                cstackBANK1                    000100  0000FB  0001FB       100       1  BANK1   
                bssBANK2                       000200  000030  000230       200       1  BANK2   
                text41                         006394  000104  006498      31CA       0  CODE    
                mediumconst                    00FEF6  00010A  010000      7F7B       0  MEDIUMCO


UNUSED ADDRESS RANGES

        Name                Unused          Largest block    Delta
        BANK1            0001FB-0001FF                5
        BANK10           000A00-000AFF              100
        BANK11           000B00-000BFF              100
        BANK12           000C00-000CFF              100
        BANK13           000D00-000DFF              100
        BANK14           000E00-000EFF              100
        BANK15           000F00-000F7F               80
        BANK2            000230-0002FF               D0
        BANK3            000300-0003FF              100
        BANK4            000400-0004FF              100
        BANK5            000500-0005FF              100
        BANK6            000600-0006FF              100
        BANK7            000700-0007FF              100
        BANK8            000800-0008FF              100
        BANK9            000900-0009FF              100
        BIGRAM           00007F-00007F                1
                         0001FB-0001FF                5
                         000230-000F7F              D50
        BIGSFR           000F80-000FFF               80
        CODE             000004-000007                4
                         006393-006393                1
                         006498-00FEF5             9A5E
        COMRAM           00007F-00007F                1
        CONST            000004-000007                4
                         006393-006393                1
                         006498-00FEF5             9A5E
        EEDATA           F00000-F003FF              400
        IDLOC            200000-200007                8
        MEDIUMCONST      006393-006393                1
                         006498-00FEF5             9A5E
        RAM              0001FB-0001FF                5
                         000230-000F7F              100
        SFR              000F80-000FFF               80
        SMALLCONST       006393-006393                1
                         006498-00FEF5              100

                                  Symbol Table

?___awdiv                                     cstackCOMRAM 000002
?___awmod                                     cstackCOMRAM 000002
?___fladd                                     cstackCOMRAM 000029
?___fldiv                                     cstackCOMRAM 000039
?___flmul                                     cstackCOMRAM 000010
?___flneg                                     cstackCOMRAM 000002
?___flsub                                     cstackCOMRAM 000052
?___fltol                                     cstackCOMRAM 000077
?___xxtofl                                    cstackCOMRAM 000002
?_abs                                         cstackCOMRAM 000008
?_powf                                        cstackCOMRAM 000066
?_scalbnf                                     cstackCOMRAM 000029
?_sprintf                                     cstackCOMRAM 00001F
?_sqrtf                                       cstackCOMRAM 000002
?_vfprintf                                    cstackCOMRAM 000019
ADC_GetConversionResult@_adc                  cstackCOMRAM 000002
ADC_GetConversionResult@conversion_result     cstackCOMRAM 000004
ADC_GetConversion_blocking@_adc               cstackCOMRAM 000009
ADC_GetConversion_blocking@channel            cstackCOMRAM 00000B
ADC_GetConversion_blocking@conversion_result  cstackCOMRAM 00000C
ADC_GetConversion_blocking@ret                cstackCOMRAM 00000D
ADC_Init@_adc                                 cstackCOMRAM 000005
ADC_SelectChannel@_adc                        cstackCOMRAM 000005
ADC_SelectChannel@channel                     cstackCOMRAM 000007
ADC_StartConversion@_adc                      cstackCOMRAM 000002
ADC_input_channel_port_configuration@channel  cstackCOMRAM 000004
ADC_select_result_format@_adc                 cstackCOMRAM 000002
ADC_voltage_reference_configuration@_adc      cstackCOMRAM 000002
CCP_Capture_Mode_Config@_ccp_obj              cstackCOMRAM 000005
CCP_Compare_Mode_Config@_ccp_obj              cstackCOMRAM 000005
CCP_Init@_ccp_obj                             cstackBANK0  0000F7
CCP_Interrupt_Config@_ccp_obj                 cstackCOMRAM 000002
CCP_Mode_Timer_Select@_ccp_obj                cstackCOMRAM 000002
CCP_PWM_Mode_Config@_ccp_obj                  cstackBANK0  0000EC
CCP_PWM_Set_Duty@_ccp_obj                     cstackBANK0  0000EC
CCP_PWM_Set_Duty@duty                         cstackBANK0  0000EE
CCP_PWM_Set_Duty@l_duty_temp                  cstackBANK0  0000F5
CCP_PWM_start@_ccp_obj                        cstackCOMRAM 000002
CCP_PWM_stop@_ccp_obj                         cstackCOMRAM 000002
RB4_ISR@RB4_source                            cstackCOMRAM 000001
RB5_ISR@RB5_source                            cstackCOMRAM 000001
RB6_ISR@RB6_source                            cstackCOMRAM 000001
RB7_ISR@RB7_source                            cstackCOMRAM 000001
Timer2_Init@_timer                            cstackCOMRAM 000002
_ADCON0bits                                   (abs)        000FC2
_ADCON1bits                                   (abs)        000FC1
_ADCON2bits                                   (abs)        000FC0
_ADC_GetConversionResult                      text64       0054C0
_ADC_GetConversion_blocking                   text60       005D58
_ADC_INTERRUPT_HANDLER                        bssBANK0     0000AE
_ADC_ISR                                      text79       006492
_ADC_Init                                     text57       00540A
_ADC_SelectChannel                            text62       006310
_ADC_StartConversion                          text61       0063B4
_ADC_input_channel_port_configuration         text63       00526E
_ADC_select_result_format                     text59       006058
_ADC_voltage_reference_configuration          text58       005F84
_ADRESH                                       (abs)        000FC4
_ADRESL                                       (abs)        000FC3
_Application_Initialization                   text33       006478
_CCP1CONbits                                  (abs)        000FBD
_CCP1_INTERRUPT_HANDLER                       bssBANK0     0000AC
_CCP1_ISR                                     text78       00648E
_CCP1_PWM1_Duty                               bssBANK0     0000B2
_CCP2CONbits                                  (abs)        000FBA
_CCP2_INTERRUPT_HANDLER                       bssBANK0     0000AA
_CCP2_ISR                                     text77       00648A
_CCPR1L                                       (abs)        000FBE
_CCPR2L                                       (abs)        000FBB
_CCP_Capture_Mode_Config                      text55       004B18
_CCP_Compare_Mode_Config                      text54       004740
_CCP_Init                                     text43       005082
_CCP_Interrupt_Config                         text53       0061C8
_CCP_Mode_Timer_Select                        text56       005C7C
_CCP_PWM_Mode_Config                          text47       0040A6
_CCP_PWM_Mode_Config$4716                     cstackBANK0  0000EF
_CCP_PWM_Mode_Config$4717                     cstackBANK0  0000F3
_CCP_PWM_Set_Duty                             text32       004438
_CCP_PWM_Set_Duty$4664                        cstackBANK0  0000F1
_CCP_PWM_start                                text31       005DC4
_CCP_PWM_stop                                 text30       005EE0
_EEADR                                        (abs)        000FA9
_EEADRH                                       (abs)        000FAA
_EECON1bits                                   (abs)        000FA6
_EECON2                                       (abs)        000FA7
_EEDATA                                       (abs)        000FA8
_INT0_INTERRUPT_HANDLER                       bssBANK0     0000A8
_INT0_ISR                                     text76       006486
_INT1_INTERRUPT_HANDLER                       bssBANK0     0000A6
_INT1_ISR                                     text75       006482
_INT2_INTERRUPT_HANDLER                       bssBANK0     0000A4
_INT2_ISR                                     text74       00647E
_INTCON2bits                                  (abs)        000FF1
_INTCON3bits                                  (abs)        000FF0
_INTCONbits                                   (abs)        000FF2
_INTERRUPT_MANAGER_HIGH                       intcode      000008
_LATA                                         (abs)        000F89
_LATB                                         (abs)        000F8A
_LATC                                         (abs)        000F8B
_LATD                                         (abs)        000F8C
_LATE                                         (abs)        000F8D
_LCD                                          dataBANK0    0000DC
_LM_35                                        dataBANK1    0001E0
_PIE1bits                                     (abs)        000F9D
_PIE2bits                                     (abs)        000FA0
_PIR1bits                                     (abs)        000F9E
_PIR2bits                                     (abs)        000FA1
_PORTA                                        (abs)        000F80
_PORTB                                        (abs)        000F81
_PORTBbits                                    (abs)        000F81
_PORTC                                        (abs)        000F82
_PORTD                                        (abs)        000F83
_PORTE                                        (abs)        000F84
_PR2                                          (abs)        000FCB
_RB4_INTERRUPT_HANDLER_HIGH                   bssBANK0     0000A2
_RB4_INTERRUPT_HANDLER_LOW                    bssBANK0     0000A0
_RB4_ISR                                      text73       00641C
_RB4_flag                                     dataBANK0    0000DB
_RB5_INTERRUPT_HANDLER_HIGH                   bssBANK0     00009E
_RB5_INTERRUPT_HANDLER_LOW                    bssBANK0     00009C
_RB5_ISR                                      text72       006402
_RB5_flag                                     dataBANK0    0000DA
_RB6_INTERRUPT_HANDLER_HIGH                   bssBANK0     00009A
_RB6_INTERRUPT_HANDLER_LOW                    bssBANK0     000098
_RB6_ISR                                      text71       0063E8
_RB6_flag                                     dataBANK0    0000D9
_RB7_INTERRUPT_HANDLER_HIGH                   bssBANK0     000096
_RB7_INTERRUPT_HANDLER_LOW                    bssBANK0     000094
_RB7_ISR                                      text70       0063CE
_RB7_flag                                     dataBANK0    0000D8
_T0CONbits                                    (abs)        000FD5
_T1CONbits                                    (abs)        000FCD
_T2CONbits                                    (abs)        000FCA
_T3CONbits                                    (abs)        000FB1
_TMR0H                                        (abs)        000FD7
_TMR0L                                        (abs)        000FD6
_TMR0_INTERRUPT_HANDLER                       bssBANK0     000092
_TMR0_ISR                                     text69       006462
_TMR1H                                        (abs)        000FCF
_TMR1L                                        (abs)        000FCE
_TMR1_INTERRUPT_HANDLER                       bssBANK0     00008E
_TMR1_ISR                                     text68       006454
_TMR2                                         (abs)        000FCC
_TMR2_INTERRUPT_HANDLER                       bssBANK0     00008A
_TMR2_ISR                                     text67       006470
_TMR3H                                        (abs)        000FB3
_TMR3L                                        (abs)        000FB2
_TMR3_INTERRUPT_HANDLER                       bssBANK0     000088
_TMR3_ISR                                     text66       006446
_TRISA                                        (abs)        000F92
_TRISB                                        (abs)        000F93
_TRISC                                        (abs)        000F94
_TRISD                                        (abs)        000F95
_TRISE                                        (abs)        000F96
_Timer0_Prelaod                               bssBANK0     000090
_Timer1_Prelaod                               bssBANK0     00008C
_Timer2_Init                                  text42       0059FA
_Timer2_Prelaod                               bssBANK0     0000B3
_Timer3_Prelaod                               bssBANK0     000086
__HRAM                                        (abs)        000000
__H__absolute__                               __absolute__ 000000
__Habs1                                       abs1         000000
__Hbank0                                      bank0        000000
__Hbank1                                      bank1        000000
__Hbank10                                     bank10       000000
__Hbank11                                     bank11       000000
__Hbank12                                     bank12       000000
__Hbank13                                     bank13       000000
__Hbank14                                     bank14       000000
__Hbank15                                     bank15       000000
__Hbank2                                      bank2        000000
__Hbank3                                      bank3        000000
__Hbank4                                      bank4        000000
__Hbank5                                      bank5        000000
__Hbank6                                      bank6        000000
__Hbank7                                      bank7        000000
__Hbank8                                      bank8        000000
__Hbank9                                      bank9        000000
__Hbigbss                                     bigbss       000000
__Hbigdata                                    bigdata      000000
__Hbigram                                     bigram       000000
__Hbigsfr                                     bigsfr       000000
__Hbss                                        bss          000000
__HbssBANK0                                   bssBANK0     000000
__HbssBANK1                                   bssBANK1     000000
__HbssBANK2                                   bssBANK2     000000
__HbssCOMRAM                                  bssCOMRAM    000000
__Hcinit                                      cinit        000000
__Hclrtext                                    clrtext      000000
__Hcomram                                     comram       000000
__Hconfig                                     config       30000E
__Hconst                                      const        000000
__HcstackBANK0                                cstackBANK0  000000
__HcstackBANK1                                cstackBANK1  000000
__HcstackCOMRAM                               cstackCOMRAM 000000
__Hdata                                       data         000000
__HdataBANK0                                  dataBANK0    000000
__HdataBANK1                                  dataBANK1    000000
__HdataBANK2                                  dataBANK2    000000
__Heeprom_data                                eeprom_data  000000
__Hfarbss                                     farbss       000000
__Hfardata                                    fardata      000000
__Hheap                                       heap         000000
__Hibigdata                                   ibigdata     000000
__Hidata                                      idata        000000
__HidataBANK0                                 idataBANK0   000000
__HidataBANK1                                 idataBANK1   000000
__HidataBANK2                                 idataBANK2   000000
__Hidloc                                      idloc        000000
__Hifardata                                   ifardata     000000
__Hinit                                       init         000012
__Hintcode                                    intcode      00000E
__Hintcode_body                               intcode_body 000000
__Hintcodelo                                  intcodelo    00000E
__Hintentry                                   intentry     000000
__Hintret                                     intret       000000
__Hintsave_regs                               intsave_regs 000000
__Hirdata                                     irdata       000000
__Hmediumconst                                mediumconst  010000
__HnvFARRAM                                   nvFARRAM     000000
__Hnvbit                                      nvbit        000000
__Hnvrram                                     nvrram       000000
__Hparam                                      rparam       000000
__Hpowerup                                    powerup      00000E
__Hram                                        ram          000000
__Hramtop                                     ramtop       001000
__Hrbit                                       rbit         000000
__Hrbss                                       rbss         000000
__Hrdata                                      rdata        000000
__Hreset_vec                                  reset_vec    000004
__Hrparam                                     rparam       000000
__Hsfr                                        sfr          000000
__Hsmallconst                                 smallconst   000000
__Hspace_0                                    (abs)        010000
__Hspace_1                                    (abs)        000230
__Hspace_2                                    (abs)        000000
__Hspace_4                                    (abs)        60000E
__Hstack                                      stack        000000
__Hstruct                                     struct       000000
__Htemp                                       temp         00007F
__Htext                                       text         000000
__Htext0                                      text0        000000
__Htext1                                      text1        000000
__Htext10                                     text10       000000
__Htext11                                     text11       000000
__Htext12                                     text12       000000
__Htext13                                     text13       000000
__Htext14                                     text14       000000
__Htext15                                     text15       000000
__Htext16                                     text16       000000
__Htext17                                     text17       000000
__Htext18                                     text18       000000
__Htext19                                     text19       000000
__Htext2                                      text2        000000
__Htext20                                     text20       000000
__Htext21                                     text21       000000
__Htext22                                     text22       000000
__Htext23                                     text23       000000
__Htext24                                     text24       000000
__Htext25                                     text25       000000
__Htext26                                     text26       000000
__Htext27                                     text27       000000
__Htext28                                     text28       000000
__Htext29                                     text29       000000
__Htext3                                      text3        000000
__Htext30                                     text30       000000
__Htext31                                     text31       000000
__Htext32                                     text32       000000
__Htext33                                     text33       000000
__Htext34                                     text34       000000
__Htext35                                     text35       000000
__Htext36                                     text36       000000
__Htext37                                     text37       000000
__Htext38                                     text38       000000
__Htext39                                     text39       000000
__Htext4                                      text4        000000
__Htext40                                     text40       000000
__Htext41                                     text41       000000
__Htext42                                     text42       000000
__Htext43                                     text43       000000
__Htext44                                     text44       000000
__Htext45                                     text45       000000
__Htext46                                     text46       000000
__Htext47                                     text47       000000
__Htext48                                     text48       000000
__Htext49                                     text49       000000
__Htext5                                      text5        000000
__Htext50                                     text50       000000
__Htext51                                     text51       000000
__Htext52                                     text52       000000
__Htext53                                     text53       000000
__Htext54                                     text54       000000
__Htext55                                     text55       000000
__Htext56                                     text56       000000
__Htext57                                     text57       000000
__Htext58                                     text58       000000
__Htext59                                     text59       000000
__Htext6                                      text6        000000
__Htext60                                     text60       000000
__Htext61                                     text61       000000
__Htext62                                     text62       000000
__Htext63                                     text63       000000
__Htext64                                     text64       000000
__Htext66                                     text66       000000
__Htext67                                     text67       000000
__Htext68                                     text68       000000
__Htext69                                     text69       000000
__Htext7                                      text7        000000
__Htext70                                     text70       000000
__Htext71                                     text71       000000
__Htext72                                     text72       000000
__Htext73                                     text73       000000
__Htext74                                     text74       000000
__Htext75                                     text75       000000
__Htext76                                     text76       000000
__Htext77                                     text77       000000
__Htext78                                     text78       000000
__Htext79                                     text79       000000
__Htext8                                      text8        000000
__Htext9                                      text9        000000
__LRAM                                        (abs)        000001
__L__absolute__                               __absolute__ 000000
__Labs1                                       abs1         000000
__Lbank0                                      bank0        000000
__Lbank1                                      bank1        000000
__Lbank10                                     bank10       000000
__Lbank11                                     bank11       000000
__Lbank12                                     bank12       000000
__Lbank13                                     bank13       000000
__Lbank14                                     bank14       000000
__Lbank15                                     bank15       000000
__Lbank2                                      bank2        000000
__Lbank3                                      bank3        000000
__Lbank4                                      bank4        000000
__Lbank5                                      bank5        000000
__Lbank6                                      bank6        000000
__Lbank7                                      bank7        000000
__Lbank8                                      bank8        000000
__Lbank9                                      bank9        000000
__Lbigbss                                     bigbss       000000
__Lbigdata                                    bigdata      000000
__Lbigram                                     bigram       000000
__Lbigsfr                                     bigsfr       000000
__Lbss                                        bss          000000
__LbssBANK0                                   bssBANK0     000000
__LbssBANK1                                   bssBANK1     000000
__LbssBANK2                                   bssBANK2     000000
__LbssCOMRAM                                  bssCOMRAM    000000
__Lcinit                                      cinit        000000
__Lclrtext                                    clrtext      000000
__Lcomram                                     comram       000000
__Lconfig                                     config       000000
__Lconst                                      const        000000
__LcstackBANK0                                cstackBANK0  000000
__LcstackBANK1                                cstackBANK1  000000
__LcstackCOMRAM                               cstackCOMRAM 000000
__Ldata                                       data         000000
__LdataBANK0                                  dataBANK0    000000
__LdataBANK1                                  dataBANK1    000000
__LdataBANK2                                  dataBANK2    000000
__Leeprom_data                                eeprom_data  000000
__Lfarbss                                     farbss       000000
__Lfardata                                    fardata      000000
__Lheap                                       heap         000000
__Libigdata                                   ibigdata     000000
__Lidata                                      idata        000000
__LidataBANK0                                 idataBANK0   000000
__LidataBANK1                                 idataBANK1   000000
__LidataBANK2                                 idataBANK2   000000
__Lidloc                                      idloc        000000
__Lifardata                                   ifardata     000000
__Linit                                       init         00000E
__Lintcode                                    intcode      000008
__Lintcode_body                               intcode_body 000000
__Lintcodelo                                  intcodelo    00000E
__Lintentry                                   intentry     000000
__Lintret                                     intret       000000
__Lintsave_regs                               intsave_regs 000000
__Lirdata                                     irdata       000000
__Lmediumconst                                mediumconst  00FEF6
__LnvFARRAM                                   nvFARRAM     000000
__Lnvbit                                      nvbit        000000
__Lnvrram                                     nvrram       000000
__Lparam                                      rparam       000000
__Lpowerup                                    powerup      00000E
__Lram                                        ram          000000
__Lramtop                                     ramtop       001000
__Lrbit                                       rbit         000000
__Lrbss                                       rbss         000000
__Lrdata                                      rdata        000000
__Lreset_vec                                  reset_vec    000000
__Lrparam                                     rparam       000000
__Lsfr                                        sfr          000000
__Lsmallconst                                 smallconst   000000
__Lspace_0                                    (abs)        000000
__Lspace_1                                    (abs)        000000
__Lspace_2                                    (abs)        000000
__Lspace_4                                    (abs)        000000
__Lstack                                      stack        000000
__Lstruct                                     struct       000000
__Ltemp                                       temp         00007E
__Ltext                                       text         000000
__Ltext0                                      text0        000000
__Ltext1                                      text1        000000
__Ltext10                                     text10       000000
__Ltext11                                     text11       000000
__Ltext12                                     text12       000000
__Ltext13                                     text13       000000
__Ltext14                                     text14       000000
__Ltext15                                     text15       000000
__Ltext16                                     text16       000000
__Ltext17                                     text17       000000
__Ltext18                                     text18       000000
__Ltext19                                     text19       000000
__Ltext2                                      text2        000000
__Ltext20                                     text20       000000
__Ltext21                                     text21       000000
__Ltext22                                     text22       000000
__Ltext23                                     text23       000000
__Ltext24                                     text24       000000
__Ltext25                                     text25       000000
__Ltext26                                     text26       000000
__Ltext27                                     text27       000000
__Ltext28                                     text28       000000
__Ltext29                                     text29       000000
__Ltext3                                      text3        000000
__Ltext30                                     text30       000000
__Ltext31                                     text31       000000
__Ltext32                                     text32       000000
__Ltext33                                     text33       000000
__Ltext34                                     text34       000000
__Ltext35                                     text35       000000
__Ltext36                                     text36       000000
__Ltext37                                     text37       000000
__Ltext38                                     text38       000000
__Ltext39                                     text39       000000
__Ltext4                                      text4        000000
__Ltext40                                     text40       000000
__Ltext41                                     text41       000000
__Ltext42                                     text42       000000
__Ltext43                                     text43       000000
__Ltext44                                     text44       000000
__Ltext45                                     text45       000000
__Ltext46                                     text46       000000
__Ltext47                                     text47       000000
__Ltext48                                     text48       000000
__Ltext49                                     text49       000000
__Ltext5                                      text5        000000
__Ltext50                                     text50       000000
__Ltext51                                     text51       000000
__Ltext52                                     text52       000000
__Ltext53                                     text53       000000
__Ltext54                                     text54       000000
__Ltext55                                     text55       000000
__Ltext56                                     text56       000000
__Ltext57                                     text57       000000
__Ltext58                                     text58       000000
__Ltext59                                     text59       000000
__Ltext6                                      text6        000000
__Ltext60                                     text60       000000
__Ltext61                                     text61       000000
__Ltext62                                     text62       000000
__Ltext63                                     text63       000000
__Ltext64                                     text64       000000
__Ltext66                                     text66       000000
__Ltext67                                     text67       000000
__Ltext68                                     text68       000000
__Ltext69                                     text69       000000
__Ltext7                                      text7        000000
__Ltext70                                     text70       000000
__Ltext71                                     text71       000000
__Ltext72                                     text72       000000
__Ltext73                                     text73       000000
__Ltext74                                     text74       000000
__Ltext75                                     text75       000000
__Ltext76                                     text76       000000
__Ltext77                                     text77       000000
__Ltext78                                     text78       000000
__Ltext79                                     text79       000000
__Ltext8                                      text8        000000
__Ltext9                                      text9        000000
__S0                                          (abs)        010000
__S1                                          (abs)        000230
__S4                                          (abs)        000000
__S5                                          (abs)        000000
___awdiv                                      text21       005346
___awdiv@counter                              cstackCOMRAM 000006
___awdiv@dividend                             cstackCOMRAM 000002
___awdiv@divisor                              cstackCOMRAM 000004
___awdiv@quotient                             cstackCOMRAM 000008
___awdiv@sign                                 cstackCOMRAM 000007
___awmod                                      text20       005574
___awmod@counter                              cstackCOMRAM 000006
___awmod@dividend                             cstackCOMRAM 000002
___awmod@divisor                              cstackCOMRAM 000004
___awmod@sign                                 cstackCOMRAM 000007
___fladd                                      text52       0028B0
___fladd@a                                    cstackCOMRAM 00002D
___fladd@aexp                                 cstackCOMRAM 000036
___fladd@b                                    cstackCOMRAM 000029
___fladd@bexp                                 cstackCOMRAM 000037
___fladd@grs                                  cstackCOMRAM 000038
___fladd@signs                                cstackCOMRAM 000035
___fldiv                                      text51       003578
___fldiv@a                                    cstackCOMRAM 00003D
___fldiv@aexp                                 cstackCOMRAM 000051
___fldiv@b                                    cstackCOMRAM 000039
___fldiv@bexp                                 cstackCOMRAM 000050
___fldiv@grs                                  cstackCOMRAM 00004C
___fldiv@new_exp                              cstackCOMRAM 00004A
___fldiv@rem                                  cstackCOMRAM 000045
___fldiv@sign                                 cstackCOMRAM 000049
___flge                                       text29       004F7E
___flge@ff1                                   cstackCOMRAM 00005A
___flge@ff2                                   cstackCOMRAM 00005E
___flmul                                      text50       002D70
___flmul@a                                    cstackCOMRAM 000014
___flmul@aexp                                 cstackCOMRAM 00001D
___flmul@b                                    cstackCOMRAM 000010
___flmul@bexp                                 cstackCOMRAM 00001E
___flmul@grs                                  cstackCOMRAM 00001F
___flmul@prod                                 cstackCOMRAM 000023
___flmul@sign                                 cstackCOMRAM 00001C
___flmul@temp                                 cstackCOMRAM 000027
___flneg                                      text28       006272
___flneg@f1                                   cstackCOMRAM 000002
___flsub                                      text27       005FCE
___flsub@a                                    cstackCOMRAM 000056
___flsub@b                                    cstackCOMRAM 000052
___fltol                                      text49       004E76
___fltol@exp1                                 cstackCOMRAM 00007C
___fltol@f1                                   cstackCOMRAM 000077
___fltol@sign1                                cstackCOMRAM 00007B
___heap_hi                                    (abs)        000000
___heap_lo                                    (abs)        000000
___inthi_sp                                   stack        000000
___inthi_stack_hi                             stack        000000
___inthi_stack_lo                             stack        000000
___intlo_sp                                   stack        000000
___intlo_stack_hi                             stack        000000
___intlo_stack_lo                             stack        000000
___param_bank                                 (abs)        000000
___rparam_used                                (abs)        000001
___sp                                         stack        000000
___stack_hi                                   stack        000000
___stack_lo                                   stack        000000
___xxtofl                                     text48       004284
___xxtofl@arg                                 cstackCOMRAM 00000C
___xxtofl@exp                                 cstackCOMRAM 00000B
___xxtofl@sign                                cstackCOMRAM 00000A
___xxtofl@val                                 cstackCOMRAM 000002
__accesstop                                   (abs)        000080
__activetblptr                                (abs)        000003
__end_of_ADC_GetConversionResult              text64       005574
__end_of_ADC_GetConversion_blocking           text60       005DC4
__end_of_ADC_ISR                              text79       006496
__end_of_ADC_Init                             text57       0054C0
__end_of_ADC_SelectChannel                    text62       006340
__end_of_ADC_StartConversion                  text61       0063CE
__end_of_ADC_input_channel_port_configuration text63       005346
__end_of_ADC_select_result_format             text59       00609C
__end_of_ADC_voltage_reference_configuration  text58       005FCE
__end_of_Application_Initialization           text33       00647E
__end_of_CCP1_ISR                             text78       006492
__end_of_CCP2_ISR                             text77       00648E
__end_of_CCP_Capture_Mode_Config              text55       004C4A
__end_of_CCP_Compare_Mode_Config              text54       00489A
__end_of_CCP_Init                             text43       00517C
__end_of_CCP_Interrupt_Config                 text53       006202
__end_of_CCP_Mode_Timer_Select                text56       005CEC
__end_of_CCP_PWM_Mode_Config                  text47       004284
__end_of_CCP_PWM_Set_Duty                     text32       0045CC
__end_of_CCP_PWM_start                        text31       005E24
__end_of_CCP_PWM_stop                         text30       005F38
__end_of_INT0_ISR                             text76       00648A
__end_of_INT1_ISR                             text75       006486
__end_of_INT2_ISR                             text74       006482
__end_of_INTERRUPT_MANAGER_HIGH               intcode_body 003C88
__end_of_L1                                   mediumconst  00FF57
__end_of_L2                                   mediumconst  00FF53
__end_of_L3                                   mediumconst  00FF4F
__end_of_L4                                   mediumconst  00FF4B
__end_of_L5                                   mediumconst  00FF47
__end_of_L6                                   mediumconst  00FF43
__end_of_P1                                   mediumconst  00FF3F
__end_of_P2                                   mediumconst  00FF3B
__end_of_P3                                   mediumconst  00FF37
__end_of_P4                                   mediumconst  00FF33
__end_of_P5                                   mediumconst  00FF2F
__end_of_RB4_ISR                              text73       006436
__end_of_RB5_ISR                              text72       00641C
__end_of_RB6_ISR                              text71       006402
__end_of_RB7_ISR                              text70       0063E8
__end_of_TMR0_ISR                             text69       006470
__end_of_TMR1_ISR                             text68       006462
__end_of_TMR2_ISR                             text67       006478
__end_of_TMR3_ISR                             text66       006454
__end_of_Timer2_Init                          text42       005A8E
__end_of___awdiv                              text21       00540A
__end_of___awmod                              text20       005624
__end_of___fladd                              text52       002D70
__end_of___fldiv                              text51       003912
__end_of___flge                               text29       005082
__end_of___flmul                              text50       00319A
__end_of___flneg                              text28       0062AA
__end_of___flsub                              text27       006014
__end_of___fltol                              text49       004F7E
__end_of___xxtofl                             text48       004438
__end_of__initialization                      cinit        005B14
__end_of_abs                                  text19       0062DE
__end_of_bp                                   mediumconst  00FF0F
__end_of_convert_arr_to_int                   text23       0049E4
__end_of_convert_short_to_string              text13       005822
__end_of_cp                                   mediumconst  00FF1B
__end_of_cp_h                                 mediumconst  00FF67
__end_of_cp_l                                 mediumconst  00FF63
__end_of_decreasing_counter                   text9        005B9C
__end_of_dp_h                                 mediumconst  00FF07
__end_of_dp_l                                 mediumconst  00FEFF
__end_of_ecu_button_initialize                text41       0063B4
__end_of_ecu_button_read_state                text7        0056CE
__end_of_ecu_dc_motor_initialize              text40       006310
__end_of_ecu_dc_motor_move_right              text6        00618E
__end_of_ecu_dc_motor_stop                    text5        006154
__end_of_ecu_keypad_get_value                 text3        004E76
__end_of_ecu_keypad_initialize                text39       005C7C
__end_of_ecu_layer_Initialization             text34       005F84
__end_of_fputc                                text17       0058CC
__end_of_gpio_pin_direction_initialize        text46       004B18
__end_of_gpio_pin_initialize                  text44       005D58
__end_of_gpio_pin_read_logic                  text8        005778
__end_of_gpio_pin_write_logic                 text45       004D66
__end_of_initialize_var                       text4        0060DE
__end_of_ivln2                                mediumconst  00FF17
__end_of_ivln2_h                              mediumconst  00FF5F
__end_of_ivln2_l                              mediumconst  00FF13
__end_of_lcd_4bit_initialize                  text35       00526E
__end_of_lcd_4bit_send_char_data              text12       005E82
__end_of_lcd_4bit_send_char_data_pos          text2        00611A
__end_of_lcd_4bit_send_command                text36       005EE0
__end_of_lcd_4bit_send_enable_enable          text38       0061C8
__end_of_lcd_4bit_send_string_pos             text10       0059FA
__end_of_lcd_4bit_set_curser                  text11       005964
__end_of_lcd_send_4bit                        text37       005C0C
__end_of_lg2                                  mediumconst  00FF2B
__end_of_lg2_h                                mediumconst  00FF27
__end_of_lg2_l                                mediumconst  00FF23
__end_of_main                                 text0        0028B0
__end_of_memset                               text22       006272
__end_of_ovt                                  mediumconst  00FF1F
__end_of_powf                                 text24       0023AC
__end_of_putch                                text18       006498
__end_of_scalbnf                              text26       003EBC
__end_of_set_fan_timer_value                  text1        004740
__end_of_sprintf                              text14       00623A
__end_of_sqrtf                                text25       003578
__end_of_two24                                mediumconst  00FF5B
__end_of_vfpfcnvrt                            text16       0040A6
__end_of_vfprintf                             text15       006058
__initialization                              cinit        005A8E
__mediumconst                                 mediumconst  00FEF6
__pbssBANK0                                   bssBANK0     000080
__pbssBANK1                                   bssBANK1     0001E7
__pbssBANK2                                   bssBANK2     000200
__pbssCOMRAM                                  bssCOMRAM    00007D
__pcinit                                      cinit        005A8E
__pcstackBANK0                                cstackBANK0  0000E8
__pcstackBANK1                                cstackBANK1  000100
__pcstackCOMRAM                               cstackCOMRAM 000001
__pdataBANK0                                  dataBANK0    0000C4
__pdataBANK1                                  dataBANK1    0001B8
__pdataBANK2                                  dataBANK2    000220
__pidataBANK0                                 idataBANK0   00636F
__pidataBANK1                                 idataBANK1   006340
__pidataBANK2                                 idataBANK2   006436
__pintcode                                    intcode      000008
__pintcode_body                               intcode_body 003912
__pmediumconst                                mediumconst  00FEF6
__ptext0                                      text0        0023AC
__ptext1                                      text1        0045CC
__ptext10                                     text10       005964
__ptext11                                     text11       0058CC
__ptext12                                     text12       005E24
__ptext13                                     text13       005778
__ptext14                                     text14       006202
__ptext15                                     text15       006014
__ptext16                                     text16       003EBC
__ptext17                                     text17       005822
__ptext18                                     text18       006496
__ptext19                                     text19       0062AA
__ptext2                                      text2        0060DE
__ptext20                                     text20       005574
__ptext21                                     text21       005346
__ptext22                                     text22       00623A
__ptext23                                     text23       00489A
__ptext24                                     text24       000012
__ptext25                                     text25       00319A
__ptext26                                     text26       003C88
__ptext27                                     text27       005FCE
__ptext28                                     text28       006272
__ptext29                                     text29       004F7E
__ptext3                                      text3        004D66
__ptext30                                     text30       005EE0
__ptext31                                     text31       005DC4
__ptext32                                     text32       004438
__ptext33                                     text33       006478
__ptext34                                     text34       005F38
__ptext35                                     text35       00517C
__ptext36                                     text36       005E82
__ptext37                                     text37       005B9C
__ptext38                                     text38       00618E
__ptext39                                     text39       005C0C
__ptext4                                      text4        00609C
__ptext40                                     text40       0062DE
__ptext41                                     text41       006394
__ptext42                                     text42       0059FA
__ptext43                                     text43       005082
__ptext44                                     text44       005CEC
__ptext45                                     text45       004C4A
__ptext46                                     text46       0049E4
__ptext47                                     text47       0040A6
__ptext48                                     text48       004284
__ptext49                                     text49       004E76
__ptext5                                      text5        00611A
__ptext50                                     text50       002D70
__ptext51                                     text51       003578
__ptext52                                     text52       0028B0
__ptext53                                     text53       0061C8
__ptext54                                     text54       004740
__ptext55                                     text55       004B18
__ptext56                                     text56       005C7C
__ptext57                                     text57       00540A
__ptext58                                     text58       005F84
__ptext59                                     text59       006058
__ptext6                                      text6        006154
__ptext60                                     text60       005D58
__ptext61                                     text61       0063B4
__ptext62                                     text62       006310
__ptext63                                     text63       00526E
__ptext64                                     text64       0054C0
__ptext66                                     text66       006446
__ptext67                                     text67       006470
__ptext68                                     text68       006454
__ptext69                                     text69       006462
__ptext7                                      text7        005624
__ptext70                                     text70       0063CE
__ptext71                                     text71       0063E8
__ptext72                                     text72       006402
__ptext73                                     text73       00641C
__ptext74                                     text74       00647E
__ptext75                                     text75       006482
__ptext76                                     text76       006486
__ptext77                                     text77       00648A
__ptext78                                     text78       00648E
__ptext79                                     text79       006492
__ptext8                                      text8        0056CE
__ptext9                                      text9        005B1E
__ramtop                                      ramtop       001000
__smallconst                                  smallconst   000000
_abs                                          text19       0062AA
_bp                                           mediumconst  00FF07
_btn_mode_changer                             dataBANK0    0000E2
_btn_state                                    dataBANK0    0000E7
_ccp1_obj                                     dataBANK1    0001C8
_convert_arr_to_int                           text23       00489A
_convert_arr_to_int$4662                      cstackBANK0  0000F4
_convert_arr_to_int$4663                      cstackBANK0  0000F8
_convert_short_to_string                      text13       005778
_counter_time                                 bssBANK0     0000C3
_dbuf                                         bssBANK2     000200
_decreasing_counter                           text9        005B1E
_dp_h                                         mediumconst  00FEFF
_dp_l                                         mediumconst  00FEF7
_ecu_button_initialize                        text41       006394
_ecu_button_read_state                        text7        005624
_ecu_dc_motor_initialize                      text40       0062DE
_ecu_dc_motor_move_right                      text6        006154
_ecu_dc_motor_stop                            text5        00611A
_ecu_keypad_get_value                         text3        004D66
_ecu_keypad_initialize                        text39       005C0C
_ecu_layer_Initialization                     text34       005F38
_errno                                        bssBANK1     0001ED
_fan_mode                                     bssBANK0     0000B1
_flags                                        bssBANK0     0000B0
_fputc                                        text17       005822
_gpio_pin_direction_initialize                text46       0049E4
_gpio_pin_initialize                          text44       005CEC
_gpio_pin_read_logic                          text8        0056CE
_gpio_pin_write_logic                         text45       004C4A
_initialize_var                               text4        00609C
_keypad                                       dataBANK1    0001D8
_keypad_value                                 bssCOMRAM    00007D
_keypad_values                                dataBANK2    000220
_lat_registers                                dataBANK0    0000C4
_lcd_4bit_initialize                          text35       00517C
_lcd_4bit_send_char_data                      text12       005E24
_lcd_4bit_send_char_data_pos                  text2        0060DE
_lcd_4bit_send_command                        text36       005E82
_lcd_4bit_send_enable_enable                  text38       00618E
_lcd_4bit_send_string_pos                     text10       005964
_lcd_4bit_set_curser                          text11       0058CC
_lcd_send_4bit                                text37       005B9C
_lm35_res_1                                   bssBANK0     0000BF
_lm35_res_1_Celsius_mv                        bssBANK0     000084
_lm35_res_1_txt                               bssBANK1     0001EF
_main                                         text0        0023AC
_memset                                       text22       00623A
_motor                                        dataBANK0    0000E5
_port_registers                               dataBANK1    0001B8
_powf                                         text24       000012
_powf$4665                                    cstackBANK1  000148
_powf$4666                                    cstackBANK1  00015C
_powf$4667                                    cstackBANK1  00014C
_powf$4668                                    cstackBANK1  00019C
_powf$4669                                    cstackBANK1  000138
_powf$4670                                    cstackBANK1  000100
_powf$4671                                    cstackBANK1  000104
_powf$4672                                    cstackBANK1  000160
_powf$4673                                    cstackBANK1  00013C
_powf$4674                                    cstackBANK1  000140
_powf$4675                                    cstackBANK1  000108
_powf$4676                                    cstackBANK1  00010C
_powf$4677                                    cstackBANK1  000110
_powf$4678                                    cstackBANK1  000114
_powf$4679                                    cstackBANK1  000118
_prec                                         bssBANK0     000082
_putch                                        text18       006496
_scalbnf                                      text26       003C88
_set_fan_timer_value                          text1        0045CC
_sprintf                                      text14       006202
_sqrtf                                        text25       00319A
_time                                         bssBANK0     0000BB
_time_value                                   bssBANK0     0000C1
_timer2_obj                                   bssBANK1     0001F6
_timer3_obj                                   dataBANK1    0001C2
_tris_registers                               dataBANK0    0000CE
_vfpfcnvrt                                    text16       003EBC
_vfprintf                                     text15       006014
_width                                        bssBANK0     000080
abs@a                                         cstackCOMRAM 000008
btemp                                         temp         00007E
convert_arr_to_int@arr                        cstackBANK0  0000EC
convert_arr_to_int@count                      cstackBANK0  0000FD
convert_arr_to_int@count_power                cstackBANK0  0000FC
convert_arr_to_int@counter_time               cstackBANK0  0000ED
convert_arr_to_int@time_value                 cstackBANK0  0000EE
convert_short_to_string@count                 cstackCOMRAM 00003E
convert_short_to_string@ret                   cstackCOMRAM 00003D
convert_short_to_string@str                   cstackCOMRAM 000035
convert_short_to_string@temp_str              cstackCOMRAM 000037
convert_short_to_string@value                 cstackCOMRAM 000033
decreasing_counter@count                      cstackCOMRAM 00004B
decreasing_counter@result_str                 cstackCOMRAM 000043
decreasing_counter@time_value                 cstackCOMRAM 00003F
ecu_button_initialize@btn                     cstackCOMRAM 00000A
ecu_button_read_state@btn                     cstackCOMRAM 00000A
ecu_button_read_state@btn_logic               cstackCOMRAM 00000D
ecu_button_read_state@btn_state               cstackCOMRAM 00000B
ecu_dc_motor_initialize@dc_motor              cstackCOMRAM 00000F
ecu_dc_motor_move_right@dc_motor              cstackCOMRAM 00000B
ecu_dc_motor_stop@dc_motor                    cstackCOMRAM 00000B
ecu_keypad_get_value@clear_rows_counter       cstackCOMRAM 000011
ecu_keypad_get_value@column_val               cstackCOMRAM 000010
ecu_keypad_get_value@columns                  cstackCOMRAM 000013
ecu_keypad_get_value@keypad                   cstackCOMRAM 00000B
ecu_keypad_get_value@rows                     cstackCOMRAM 000012
ecu_keypad_get_value@value                    cstackCOMRAM 00000D
ecu_keypad_initialize@columns                 cstackCOMRAM 000014
ecu_keypad_initialize@keypad                  cstackCOMRAM 00000F
ecu_keypad_initialize@rows                    cstackCOMRAM 000013
ecu_led_initialize@F3059                      bssBANK0     0000BA
ecu_led_turn_off@F3069                        bssBANK0     0000B8
ecu_led_turn_on@F3064                         bssBANK0     0000B9
ecu_led_turn_toggle@F3074                     bssBANK0     0000B7
ecu_relay_initialize@F3053                    bssBANK0     0000B6
ecu_relay_off@F3063                           bssBANK0     0000B4
ecu_relay_on@F3058                            bssBANK0     0000B5
end_of_initialization                         cinit        005B14
fputc@c                                       cstackCOMRAM 000002
fputc@fp                                      cstackCOMRAM 000004
gpio_pin_direction_initialize@_pin_config     cstackCOMRAM 000002
gpio_pin_direction_initialize@ret             cstackCOMRAM 000009
gpio_pin_initialize@_pin_config               cstackCOMRAM 00000B
gpio_pin_initialize@ret                       cstackCOMRAM 00000E
gpio_pin_read_logic@_pin_config               cstackCOMRAM 000002
gpio_pin_read_logic@logic                     cstackCOMRAM 000004
gpio_pin_write_logic@_pin_config              cstackCOMRAM 000002
gpio_pin_write_logic@logic                    cstackCOMRAM 000004
gpio_pin_write_logic@ret                      cstackCOMRAM 00000A
initialize_var@count                          cstackCOMRAM 000002
int$flags                                     temp         00007E
int_func                                      intcode_body 003912
intlevel0                                     text         000000
intlevel1                                     text         000000
intlevel2                                     text         000000
intlevel3                                     text         000000
isa$std                                       (abs)        000001
isa$xinst                                     (abs)        000000
lcd_4bit_initialize@counter                   cstackCOMRAM 000014
lcd_4bit_initialize@lcd                       cstackCOMRAM 000012
lcd_4bit_initialize@ret                       cstackCOMRAM 000015
lcd_4bit_send_char_data@data                  cstackCOMRAM 000010
lcd_4bit_send_char_data@lcd                   cstackCOMRAM 00000F
lcd_4bit_send_char_data@ret                   cstackCOMRAM 000011
lcd_4bit_send_char_data_pos@column            cstackCOMRAM 00001A
lcd_4bit_send_char_data_pos@data              cstackCOMRAM 00001B
lcd_4bit_send_char_data_pos@lcd               cstackCOMRAM 000018
lcd_4bit_send_char_data_pos@ret               cstackCOMRAM 00001C
lcd_4bit_send_char_data_pos@row               cstackCOMRAM 000019
lcd_4bit_send_command@command                 cstackCOMRAM 000010
lcd_4bit_send_command@lcd                     cstackCOMRAM 00000F
lcd_4bit_send_command@ret                     cstackCOMRAM 000011
lcd_4bit_send_enable_enable@lcd               cstackCOMRAM 00000B
lcd_4bit_send_enable_enable@ret               cstackCOMRAM 00000D
lcd_4bit_send_string_pos@column               cstackCOMRAM 00001A
lcd_4bit_send_string_pos@lcd                  cstackCOMRAM 000018
lcd_4bit_send_string_pos@ret                  cstackCOMRAM 00001D
lcd_4bit_send_string_pos@row                  cstackCOMRAM 000019
lcd_4bit_send_string_pos@str                  cstackCOMRAM 00001B
lcd_4bit_set_curser@column                    cstackCOMRAM 000014
lcd_4bit_set_curser@lcd                       cstackCOMRAM 000012
lcd_4bit_set_curser@ret                       cstackCOMRAM 000017
lcd_4bit_set_curser@row                       cstackCOMRAM 000013
lcd_send_4bit@command_data                    cstackCOMRAM 00000C
lcd_send_4bit@lcd                             cstackCOMRAM 00000B
lcd_send_4bit@ret                             cstackCOMRAM 00000E
memset@c                                      cstackCOMRAM 000004
memset@dest                                   cstackCOMRAM 000002
memset@n                                      cstackCOMRAM 000006
memset@p                                      cstackCOMRAM 000008
powf@ax                                       cstackBANK1  000178
powf@hx                                       cstackBANK1  000168
powf@hy                                       cstackBANK1  000184
powf@i                                        cstackBANK1  000128
powf@is                                       cstackBANK1  000198
powf@ix                                       cstackBANK1  0001AC
powf@iy                                       cstackBANK1  000194
powf@j                                        cstackBANK1  0001A8
powf@k                                        cstackBANK1  0001A4
powf@n                                        cstackBANK1  000188
powf@p_h                                      cstackBANK1  0001A0
powf@p_l                                      cstackBANK1  00016C
powf@r                                        cstackBANK1  000150
powf@s                                        cstackBANK1  000158
powf@s2                                       cstackBANK1  000190
powf@s_h                                      cstackBANK1  000174
powf@s_l                                      cstackBANK1  000130
powf@sn                                       cstackBANK1  000164
powf@t                                        cstackBANK1  0001B0
powf@t1                                       cstackBANK1  00018C
powf@t2                                       cstackBANK1  00011C
powf@t_h                                      cstackBANK1  000170
powf@t_l                                      cstackBANK1  000134
powf@u                                        cstackBANK1  00017C
powf@v                                        cstackBANK1  000180
powf@w                                        cstackBANK1  000144
powf@x                                        cstackCOMRAM 000066
powf@y                                        cstackCOMRAM 00006A
powf@y1                                       cstackBANK1  00012C
powf@yisint                                   cstackBANK1  000154
powf@z                                        cstackBANK1  0001B4
powf@z_h                                      cstackBANK1  000120
powf@z_l                                      cstackBANK1  000124
scalbnf@n                                     cstackCOMRAM 00002D
scalbnf@u                                     cstackCOMRAM 000033
scalbnf@x                                     cstackCOMRAM 000029
scalbnf@y                                     cstackCOMRAM 000037
set_fan_timer_value@counter                   cstackCOMRAM 00001F
set_fan_timer_value@keypad_value              cstackCOMRAM 000023
set_fan_timer_value@lcd_counter               cstackCOMRAM 000022
set_fan_timer_value@time                      cstackCOMRAM 00001E
sprintf@ap                                    cstackCOMRAM 000026
sprintf@f                                     cstackCOMRAM 000027
sprintf@fmt                                   cstackCOMRAM 000020
sprintf@s                                     cstackCOMRAM 00001F
sqrtf@i                                       cstackCOMRAM 00000F
sqrtf@ix                                      cstackCOMRAM 000023
sqrtf@m                                       cstackCOMRAM 00001B
sqrtf@q                                       cstackCOMRAM 000013
sqrtf@r                                       cstackCOMRAM 00001F
sqrtf@s                                       cstackCOMRAM 00000B
sqrtf@t                                       cstackCOMRAM 000017
sqrtf@x                                       cstackCOMRAM 000002
stackhi                                       (abs)        000000
stacklo                                       (abs)        000000
start                                         init         00000E
start_initialization                          cinit        005A8E
ttemp5                                        temp         00007F
ttemp6                                        temp         000082
ttemp7                                        temp         000086
vfpfcnvrt@ap                                  cstackCOMRAM 00000E
vfpfcnvrt@c                                   cstackCOMRAM 000018
vfpfcnvrt@convarg                             cstackCOMRAM 000014
vfpfcnvrt@cp                                  cstackCOMRAM 000012
vfpfcnvrt@done                                cstackCOMRAM 000011
vfpfcnvrt@fmt                                 cstackCOMRAM 00000D
vfpfcnvrt@fp                                  cstackCOMRAM 00000C
vfprintf@ap                                   cstackCOMRAM 00001C
vfprintf@cfmt                                 cstackCOMRAM 00001D
vfprintf@fmt                                  cstackCOMRAM 00001A
vfprintf@fp                                   cstackCOMRAM 000019
wtemp8                                        temp         00007F


MODULE INFORMATION

Module		Function		Class		Link	Load	Size
MCAL_layer/Interrupt/mcal_interrupt_manager.c
		_INTERRUPT_MANAGER_HIGH		CODE           	0008	0000	892

MCAL_layer/Interrupt/mcal_interrupt_manager.c estimated size: 892

MCAL_layer/Interrupt/mcal_external_interrupt.c
		_RB4_ISR       		CODE           	641C	0000	26
		_RB5_ISR       		CODE           	6402	0000	26
		_RB6_ISR       		CODE           	63E8	0000	26
		_RB7_ISR       		CODE           	63CE	0000	26
		_INT0_ISR      		CODE           	6486	0000	4
		_INT1_ISR      		CODE           	6482	0000	4
		_INT2_ISR      		CODE           	647E	0000	4

MCAL_layer/Interrupt/mcal_external_interrupt.c estimated size: 116

ECU_layer/chr_LCD/ecu_chr_LCD.c
		_convert_short_to_string		CODE           	5778	0000	170
		_lcd_4bit_send_enable_enable		CODE           	618E	0000	58
		_lcd_send_4bit 		CODE           	5B9C	0000	112
		_lcd_4bit_send_command		CODE           	5E82	0000	94
		_lcd_4bit_send_string_pos		CODE           	5964	0000	150
		_lcd_4bit_set_curser		CODE           	58CC	0000	152
		_lcd_4bit_send_char_data		CODE           	5E24	0000	94
		_lcd_4bit_send_char_data_pos		CODE           	60DE	0000	60
		_lcd_4bit_initialize		CODE           	517C	0000	242

ECU_layer/chr_LCD/ecu_chr_LCD.c estimated size: 1132

MCAL_layer/GPIO/hal_gpio.c
		_gpio_pin_write_logic		CODE           	4C4A	0000	284
		_gpio_pin_read_logic		CODE           	56CE	0000	170
		_gpio_pin_direction_initialize		CODE           	49E4	0000	308
		_gpio_pin_initialize		CODE           	5CEC	0000	108

MCAL_layer/GPIO/hal_gpio.c estimated size: 870

ECU_layer/button/ecu_button.c
		_ecu_button_initialize		CODE           	6394	0000	32
		_ecu_button_read_state		CODE           	5624	0000	170

ECU_layer/button/ecu_button.c estimated size: 202

ECU_layer/Keypad/ecu_keypad.c
		_ecu_keypad_get_value		CODE           	4D66	0000	272
		_ecu_keypad_initialize		CODE           	5C0C	0000	112

ECU_layer/Keypad/ecu_keypad.c estimated size: 384

C:\Program Files\Microchip\xc8\v2.45\pic\sources\c99\common\flneg.c
		___flneg       		CODE           	6272	0000	56

C:\Program Files\Microchip\xc8\v2.45\pic\sources\c99\common\flneg.c estimated size: 56

ECU_layer/ecu_layer_init.c
		_ecu_layer_Initialization		CODE           	5F38	0000	76

ECU_layer/ecu_layer_init.c estimated size: 76

C:\Program Files\Microchip\xc8\v2.45\pic\sources\c99\common\powf.c
		_powf          		CODE           	0012	0000	9114

C:\Program Files\Microchip\xc8\v2.45\pic\sources\c99\common\powf.c estimated size: 9114

C:\Program Files\Microchip\xc8\v2.45\pic\sources\c99\common\sprcmul.c
		___flmul       		CODE           	2D70	0000	1066

C:\Program Files\Microchip\xc8\v2.45\pic\sources\c99\common\sprcmul.c estimated size: 1066

MCAL_layer/CCP1/hal_ccp.c
		_CCP_Capture_Mode_Config		CODE           	4B18	0000	306
		_CCP_Mode_Timer_Select		CODE           	5C7C	0000	112
		_CCP_PWM_Mode_Config		CODE           	40A6	0000	478
		_CCP1_ISR      		CODE           	648E	0000	4
		_CCP_Init      		CODE           	5082	0000	250
		_CCP2_ISR      		CODE           	648A	0000	4
		_CCP_PWM_stop  		CODE           	5EE0	0000	88
		_CCP_PWM_start 		CODE           	5DC4	0000	96
		_CCP_PWM_Set_Duty		CODE           	4438	0000	404
		_CCP_Compare_Mode_Config		CODE           	4740	0000	346
		_CCP_Interrupt_Config		CODE           	61C8	0000	58

MCAL_layer/CCP1/hal_ccp.c estimated size: 2146

C:\Program Files\Microchip\xc8\v2.45\pic\sources\c99\common\sprcdiv.c
		___fldiv       		CODE           	3578	0000	922

C:\Program Files\Microchip\xc8\v2.45\pic\sources\c99\common\sprcdiv.c estimated size: 922

MCAL_layer/TIMER1/hal_Tmer1.c
		_TMR1_ISR      		CODE           	6454	0000	14

MCAL_layer/TIMER1/hal_Tmer1.c estimated size: 14

Helper_functions/helper_fn.c
		_initialize_var		CODE           	609C	0000	66
		_set_fan_timer_value		CODE           	45CC	0000	372
		_convert_arr_to_int		CODE           	489A	0000	330
		_decreasing_counter		CODE           	5B1E	0000	126

Helper_functions/helper_fn.c estimated size: 894

C:\Program Files\Microchip\xc8\v2.45\pic\sources\c99\common\nf_sprintf.c
		_sprintf       		CODE           	6202	0000	56

C:\Program Files\Microchip\xc8\v2.45\pic\sources\c99\common\nf_sprintf.c estimated size: 56

MCAL_layer/TIMER3/hal_Timer3.c
		_TMR3_ISR      		CODE           	6446	0000	14

MCAL_layer/TIMER3/hal_Timer3.c estimated size: 14

C:\Program Files\Microchip\xc8\v2.45\pic\sources\c99\common\scalbnf.c
		_scalbnf       		CODE           	3C88	0000	564

C:\Program Files\Microchip\xc8\v2.45\pic\sources\c99\common\scalbnf.c estimated size: 564

MCAL_layer/TIMER2/hal_Timer2.c
		_TMR2_ISR      		CODE           	6470	0000	8
		_Timer2_Init   		CODE           	59FA	0000	148

MCAL_layer/TIMER2/hal_Timer2.c estimated size: 156

C:\Program Files\Microchip\xc8\v2.45\pic\sources\c99\common\awmod.c
		___awmod       		CODE           	5574	0000	176

C:\Program Files\Microchip\xc8\v2.45\pic\sources\c99\common\awmod.c estimated size: 176

C:\Program Files\Microchip\xc8\v2.45\pic\sources\c99\common\putch.c
		_putch         		CODE           	6496	0000	2

C:\Program Files\Microchip\xc8\v2.45\pic\sources\c99\common\putch.c estimated size: 2

C:\Program Files\Microchip\xc8\v2.45\pic\sources\c99\common\flge.c
		___flge        		CODE           	4F7E	0000	260

C:\Program Files\Microchip\xc8\v2.45\pic\sources\c99\common\flge.c estimated size: 260

MCAL_layer/ADC/hal_adc.c
		_ADC_select_result_format		CODE           	6058	0000	68
		_ADC_voltage_reference_configuration		CODE           	5F84	0000	74
		_ADC_GetConversionResult		CODE           	54C0	0000	180
		_ADC_input_channel_port_configuration		CODE           	526E	0000	216
		_ADC_StartConversion		CODE           	63B4	0000	26
		_ADC_GetConversion_blocking		CODE           	5D58	0000	108
		_ADC_ISR       		CODE           	6492	0000	4
		_ADC_SelectChannel		CODE           	6310	0000	48
		_ADC_Init      		CODE           	540A	0000	182

MCAL_layer/ADC/hal_adc.c estimated size: 906

shared
		_L5            		MEDIUMCONST    	0000	0000	0
		_P3            		MEDIUMCONST    	0000	0000	0
		_L6            		MEDIUMCONST    	0000	0000	0
		_P4            		MEDIUMCONST    	0000	0000	0
		_P5            		MEDIUMCONST    	0000	0000	0
		_lg2_l         		MEDIUMCONST    	0000	0000	0
		_ivln2_l       		MEDIUMCONST    	0000	0000	0
		_ivln2         		MEDIUMCONST    	0000	0000	0
		__initialization		CODE           	5A8E	0000	134
		_bp            		MEDIUMCONST    	FF07	0000	8
		_cp            		MEDIUMCONST    	0000	0000	0
		_cp_h          		MEDIUMCONST    	0000	0000	0
		_dp_h          		MEDIUMCONST    	FEFF	0000	8
		_lg2           		MEDIUMCONST    	0000	0000	0
		_lg2_h         		MEDIUMCONST    	0000	0000	0
		_ivln2_h       		MEDIUMCONST    	0000	0000	0
		_ovt           		MEDIUMCONST    	0000	0000	0
		_two24         		MEDIUMCONST    	0000	0000	0
		_cp_l          		MEDIUMCONST    	0000	0000	0
		_dp_l          		MEDIUMCONST    	FEF7	0000	8
		_L1            		MEDIUMCONST    	0000	0000	0
		_L2            		MEDIUMCONST    	0000	0000	0
		_L3            		MEDIUMCONST    	0000	0000	0
		_P1            		MEDIUMCONST    	0000	0000	0
		_L4            		MEDIUMCONST    	0000	0000	0
		_P2            		MEDIUMCONST    	0000	0000	0

shared estimated size: 158

C:\Program Files\Microchip\xc8\v2.45\pic\sources\c99\common\xxtofl.c
		___xxtofl      		CODE           	4284	0000	436

C:\Program Files\Microchip\xc8\v2.45\pic\sources\c99\common\xxtofl.c estimated size: 436

C:\Program Files\Microchip\xc8\v2.45\pic\sources\c99\common\abs.c
		_abs           		CODE           	62AA	0000	52

C:\Program Files\Microchip\xc8\v2.45\pic\sources\c99\common\abs.c estimated size: 52

ECU_layer/DC_motor/ecu_DC_motor.c
		_ecu_dc_motor_stop		CODE           	611A	0000	58
		_ecu_dc_motor_move_right		CODE           	6154	0000	58
		_ecu_dc_motor_initialize		CODE           	62DE	0000	50

ECU_layer/DC_motor/ecu_DC_motor.c estimated size: 166

MCAL_layer/Timer/hal_timer0.c
		_TMR0_ISR      		CODE           	6462	0000	14

MCAL_layer/Timer/hal_timer0.c estimated size: 14

C:\Program Files\Microchip\xc8\v2.45\pic\sources\c99\common\memset.c
		_memset        		CODE           	623A	0000	56

C:\Program Files\Microchip\xc8\v2.45\pic\sources\c99\common\memset.c estimated size: 56

C:\Program Files\Microchip\xc8\v2.45\pic\sources\c99\common\sprcadd.c
		___flsub       		CODE           	5FCE	0000	70
		___fladd       		CODE           	28B0	0000	1216

C:\Program Files\Microchip\xc8\v2.45\pic\sources\c99\common\sprcadd.c estimated size: 1286

application.c
		_main          		CODE           	23AC	0000	1284
		_Application_Initialization		CODE           	6478	0000	6

application.c estimated size: 1290

C:\Program Files\Microchip\xc8\v2.45\pic\sources\c99\common\nf_fputc.c
		_fputc         		CODE           	5822	0000	170

C:\Program Files\Microchip\xc8\v2.45\pic\sources\c99\common\nf_fputc.c estimated size: 170

C:\Program Files\Microchip\xc8\v2.45\pic\sources\c99\common\doprnt.c
		_vfpfcnvrt     		CODE           	3EBC	0000	490
		_vfprintf      		CODE           	6014	0000	68

C:\Program Files\Microchip\xc8\v2.45\pic\sources\c99\common\doprnt.c estimated size: 558

C:\Program Files\Microchip\xc8\v2.45\pic\sources\c99\common\sqrtf.c
		_sqrtf         		CODE           	319A	0000	990

C:\Program Files\Microchip\xc8\v2.45\pic\sources\c99\common\sqrtf.c estimated size: 990

C:\Program Files\Microchip\xc8\v2.45\pic\sources\c99\common\awdiv.c
		___awdiv       		CODE           	5346	0000	196

C:\Program Files\Microchip\xc8\v2.45\pic\sources\c99\common\awdiv.c estimated size: 196

C:\Program Files\Microchip\xc8\v2.45\pic\sources\c99\common\fltol.c
		___fltol       		CODE           	4E76	0000	264

C:\Program Files\Microchip\xc8\v2.45\pic\sources\c99\common\fltol.c estimated size: 264

